[gen] ai-trust-gap-with-young-adults-could-carry-a-high-cost-180511 ...
  [ok] ai-trust-gap-with-young-adults-could-carry-a-high-cost-180511.jpg (111KB)
[gen] billions-of-stolen-browser-cookies-expose-users-to-account-hijacking-180479 ...
  [ok] billions-of-stolen-browser-cookies-expose-users-to-account-hijacking-180479.jpg (100KB)
[gen] can-multiple-ai-models-improve-enterprise-trust-180481 ...
  [ok] can-multiple-ai-models-improve-enterprise-trust-180481.jpg (102KB)
[gen] elon-musk-says-money-wont-matter-by-2036-is-he-right-180484 ...
  [ok] elon-musk-says-money-wont-matter-by-2036-is-he-right-180484.jpg (146KB)
[gen] hp-needs-more-than-a-new-ceo-180475 ...
  [ok] hp-needs-more-than-a-new-ceo-180475.jpg (117KB)
[gen] invisible-ai-agents-creating-new-enterprise-security-risks-180514 ...
  [ok] invisible-ai-agents-creating-new-enterprise-security-risks-180514.jpg (110KB)
[gen] is-smartphone-preference-a-left-or-right-brain-thing-180506 ...
  [ok] is-smartphone-preference-a-left-or-right-brain-thing-180506.jpg (88KB)
[gen] mark-zuckerberg-makes-the-case-for-superintelligence-for-everyone-180491 ...
  [ok] mark-zuckerberg-makes-the-case-for-superintelligence-for-everyone-180491.jpg (81KB)
[gen] quntis-light-bar-glow-is-an-upgrade-i-never-expected-180487 ...
  [ok] quntis-light-bar-glow-is-an-upgrade-i-never-expected-180487.jpg (66KB)
[gen] rules-to-protect-kids-from-ai-risk-repeating-social-media-mistakes-180493 ...
  [ok] rules-to-protect-kids-from-ai-risk-repeating-social-media-mistakes-180493.jpg (95KB)
[gen] super-cool-ibm-links-cryogenic-modules-to-scale-quantum-computing-180508 ...
  [ok] super-cool-ibm-links-cryogenic-modules-to-scale-quantum-computing-180508.jpg (151KB)
[gen] the-problem-with-zuckerbergs-vision-of-personal-superintelligence-180500 ...
  [ok] the-problem-with-zuckerbergs-vision-of-personal-superintelligence-180500.jpg (76KB)
[gen] will-microsoft-miss-the-ai-wearables-opportunity-180496 ...
  [ok] will-microsoft-miss-the-ai-wearables-opportunity-180496.jpg (66KB)
