[gen] ai-trust-gap-with-young-adults-could-carry-a-high-cost-180511 ...
  [FAIL] ai-trust-gap-with-young-adults-could-carry-a-high-cost-180511: 
[gen] billions-of-stolen-browser-cookies-expose-users-to-account-hijacking-180479 ...
  [FAIL] billions-of-stolen-browser-cookies-expose-users-to-account-hijacking-180479: 
[gen] can-multiple-ai-models-improve-enterprise-trust-180481 ...
  [FAIL] can-multiple-ai-models-improve-enterprise-trust-180481: 
[gen] elon-musk-says-money-wont-matter-by-2036-is-he-right-180484 ...
  [FAIL] elon-musk-says-money-wont-matter-by-2036-is-he-right-180484: 
[gen] hp-needs-more-than-a-new-ceo-180475 ...
  [FAIL] hp-needs-more-than-a-new-ceo-180475: 
[gen] invisible-ai-agents-creating-new-enterprise-security-risks-180514 ...
  [FAIL] invisible-ai-agents-creating-new-enterprise-security-risks-180514: 
[gen] is-smartphone-preference-a-left-or-right-brain-thing-180506 ...
  [FAIL] is-smartphone-preference-a-left-or-right-brain-thing-180506: 
[gen] mark-zuckerberg-makes-the-case-for-superintelligence-for-everyone-180491 ...
  [FAIL] mark-zuckerberg-makes-the-case-for-superintelligence-for-everyone-180491: 
[gen] quntis-light-bar-glow-is-an-upgrade-i-never-expected-180487 ...
  [FAIL] quntis-light-bar-glow-is-an-upgrade-i-never-expected-180487: 
[gen] rules-to-protect-kids-from-ai-risk-repeating-social-media-mistakes-180493 ...
  [FAIL] rules-to-protect-kids-from-ai-risk-repeating-social-media-mistakes-180493: 
[gen] super-cool-ibm-links-cryogenic-modules-to-scale-quantum-computing-180508 ...
  [FAIL] super-cool-ibm-links-cryogenic-modules-to-scale-quantum-computing-180508: 
[gen] the-problem-with-zuckerbergs-vision-of-personal-superintelligence-180500 ...
  [FAIL] the-problem-with-zuckerbergs-vision-of-personal-superintelligence-180500: 
[gen] will-microsoft-miss-the-ai-wearables-opportunity-180496 ...
  [FAIL] will-microsoft-miss-the-ai-wearables-opportunity-180496: 
